******************************************************************************
                  TI ARM Linker PC v20.2.0                     
******************************************************************************
>> Linked Thu May 28 16:49:27 2020

OUTPUT FILE NAME:   <exp3.out>
ENTRY POINT SYMBOL: "_c_int00_noargs"  address: 00000d21


MEMORY CONFIGURATION

         name            origin    length      used     unused   attr    fill
----------------------  --------  ---------  --------  --------  ----  --------
  FLASH                 00000000   00040000  000014dc  0003eb24  R  X
  SRAM                  20000000   00008000  00000214  00007dec  RW X


SEGMENT ALLOCATION MAP

run origin  load origin   length   init length attrs members
----------  ----------- ---------- ----------- ----- -------
00000000    00000000    000014dc   000014dc    r-x
  00000000    00000000    0000026c   0000026c    r-- .intvecs
  0000026c    0000026c    00000c20   00000c20    r-x .text
  00000e8c    00000e8c    0000062c   0000062c    r-- .const
  000014b8    000014b8    00000024   00000024    r-- .cinit
20000000    20000000    00000214   00000000    rw-
  20000000    20000000    00000200   00000000    rw- .stack
  20000200    20000200    00000014   00000000    rw- .data


SECTION ALLOCATION MAP

 output                                  attributes/
section   page    origin      length       input sections
--------  ----  ----------  ----------   ----------------
.intvecs   0    00000000    0000026c     
                  00000000    0000026c     tm4c123gh6pm_startup_ccs.obj (.intvecs)

.text      0    0000026c    00000c20     
                  0000026c    00000508     main.obj (.text)
                  00000774    00000132     driverlib.lib : gpio.obj (.text:GPIOPadConfigSet)
                  000008a6    00000002     --HOLE-- [fill = 0]
                  000008a8    00000110                   : sysctl.obj (.text:SysCtlClockGet)
                  000009b8    000000f4                   : sysctl.obj (.text:SysCtlClockSet)
                  00000aac    0000009c     rtsv7M4_T_le_v4SPD16_eabi.lib : memcpy_t2.asm.obj (.text)
                  00000b48    00000068     driverlib.lib : interrupt.obj (.text:IntEnable)
                  00000bb0    00000068     rtsv7M4_T_le_v4SPD16_eabi.lib : copy_decompress_lzss.c.obj (.text:decompress:lzss:__TI_decompress_lzss)
                  00000c18    00000048     driverlib.lib : gpio.obj (.text:GPIOPinConfigure)
                  00000c60    00000046                   : uart.obj (.text:UARTConfigSetExpClk)
                  00000ca6    00000002     --HOLE-- [fill = 0]
                  00000ca8    00000044     rtsv7M4_T_le_v4SPD16_eabi.lib : autoinit.c.obj (.text:__TI_auto_init_nobinit_nopinit:__TI_auto_init_nobinit_nopinit)
                  00000cec    00000034     driverlib.lib : sysctl.obj (.text:SysCtlPeripheralEnable)
                  00000d20    00000034     rtsv7M4_T_le_v4SPD16_eabi.lib : boot_cortex_m.c.obj (.text:_c_int00_noargs:_c_int00_noargs)
                  00000d54    0000002a     driverlib.lib : gpio.obj (.text:GPIODirModeSet)
                  00000d7e    00000002     --HOLE-- [fill = 0]
                  00000d80    00000020                   : uart.obj (.text:UARTDisable)
                  00000da0    00000018                   : gpio.obj (.text:GPIOPinTypeGPIOOutput)
                  00000db8    00000014                   : uart.obj (.text:UARTEnable)
                  00000dcc    00000014     rtsv7M4_T_le_v4SPD16_eabi.lib : strlen.c.obj (.text:strlen)
                  00000de0    00000012     driverlib.lib : gpio.obj (.text:GPIOPinTypeGPIOInput)
                  00000df2    00000012                   : gpio.obj (.text:GPIOPinTypeUART)
                  00000e04    00000010                   : interrupt.obj (.text:IntMasterEnable)
                  00000e14    0000000e                   : uart.obj (.text:UARTCharsAvail)
                  00000e22    0000000e     rtsv7M4_T_le_v4SPD16_eabi.lib : copy_decompress_none.c.obj (.text:decompress:none:__TI_decompress_none)
                  00000e30    0000000c     driverlib.lib : cpu.obj (.text:CPUcpsie)
                  00000e3c    0000000c     tm4c123gh6pm_startup_ccs.obj (.text)
                  00000e48    0000000a     driverlib.lib : uart.obj (.text:UARTCharGet)
                  00000e52    0000000a                   : uart.obj (.text:UARTCharPut)
                  00000e5c    0000000a                   : uart.obj (.text:UARTIntStatus)
                  00000e66    00000008                   : uart.obj (.text:UARTIntEnable)
                  00000e6e    00000006                   : gpio.obj (.text:GPIOPinRead)
                  00000e74    00000006                   : gpio.obj (.text:GPIOPinWrite)
                  00000e7a    00000006                   : sysctl.obj (.text:SysCtlDelay)
                  00000e80    00000004                   : uart.obj (.text:UARTIntClear)
                  00000e84    00000004     rtsv7M4_T_le_v4SPD16_eabi.lib : pre_init.c.obj (.text:_system_pre_init)
                  00000e88    00000004                                   : exit.c.obj (.text:abort:abort)

.const     0    00000e8c    0000062c     
                  00000e8c    000004be     main.obj (.const:.string)
                  0000134a    00000002     --HOLE-- [fill = 0]
                  0000134c    00000090     driverlib.lib : gpio.obj (.const:g_pui32GPIOBaseAddrs)
                  000013dc    00000070                   : interrupt.obj (.const)
                  0000144c    0000006c                   : sysctl.obj (.const:g_pui32Xtals)

.cinit     0    000014b8    00000024     
                  000014b8    00000012     (.cinit..data.load) [load image, compression = lzss]
                  000014ca    00000002     --HOLE-- [fill = 0]
                  000014cc    00000008     (__TI_handler_table)
                  000014d4    00000008     (__TI_cinit_table)

.init_array 
*          0    00000000    00000000     UNINITIALIZED

.data      0    20000200    00000014     UNINITIALIZED
                  20000200    00000014     main.obj (.data)

.stack     0    20000000    00000200     UNINITIALIZED
                  20000000    00000004     rtsv7M4_T_le_v4SPD16_eabi.lib : boot_cortex_m.c.obj (.stack)
                  20000004    000001fc     --HOLE--

__llvm_prf_cnts 
*          0    20000000    00000000     UNINITIALIZED

MODULE SUMMARY

       Module                         code   ro data   rw data
       ------                         ----   -------   -------
    .\
       main.obj                       1288   1214      20     
       tm4c123gh6pm_startup_ccs.obj   12     620       0      
    +--+------------------------------+------+---------+---------+
       Total:                         1300   1834      20     
                                                              
    C:/ti/TivaWare_C_Series-2.1.4.178/driverlib/ccs/Debug/driverlib.lib
       sysctl.obj                     574    108       0      
       gpio.obj                       492    144       0      
       interrupt.obj                  120    112       0      
       uart.obj                       178    0         0      
       cpu.obj                        12     0         0      
    +--+------------------------------+------+---------+---------+
       Total:                         1376   364       0      
                                                              
    C:\ti\ccs1000\ccs\tools\compiler\ti-cgt-arm_20.2.0.LTS\lib\rtsv7M4_T_le_v4SPD16_eabi.lib
       memcpy_t2.asm.obj              156    0         0      
       copy_decompress_lzss.c.obj     104    0         0      
       autoinit.c.obj                 68     0         0      
       boot_cortex_m.c.obj            52     0         0      
       strlen.c.obj                   20     0         0      
       copy_decompress_none.c.obj     14     0         0      
       exit.c.obj                     4      0         0      
       pre_init.c.obj                 4      0         0      
    +--+------------------------------+------+---------+---------+
       Total:                         422    0         0      
                                                              
       Stack:                         0      0         512    
       Linker Generated:              0      34        0      
    +--+------------------------------+------+---------+---------+
       Grand Total:                   3098   2232      532    


LINKER GENERATED COPY TABLES

__TI_cinit_table @ 000014d4 records: 1, size/record: 8, table size: 8
	.data: load addr=000014b8, load size=00000012 bytes, run addr=20000200, run size=00000014 bytes, compression=lzss


LINKER GENERATED HANDLER TABLE

__TI_handler_table @ 000014cc records: 2, size/record: 4, table size: 8
	index: 0, handler: __TI_decompress_lzss
	index: 1, handler: __TI_decompress_none


GLOBAL SYMBOLS: SORTED ALPHABETICALLY BY Name 

address   name                          
-------   ----                          
00000e89  C$$EXIT                       
00000e31  CPUcpsie                      
00000d55  GPIODirModeSet                
00000775  GPIOPadConfigSet              
00000c19  GPIOPinConfigure              
00000e6f  GPIOPinRead                   
00000de1  GPIOPinTypeGPIOInput          
00000da1  GPIOPinTypeGPIOOutput         
00000df3  GPIOPinTypeUART               
00000e75  GPIOPinWrite                  
00000b49  IntEnable                     
00000e05  IntMasterEnable               
00000e3d  ResetISR                      
000008a9  SysCtlClockGet                
000009b9  SysCtlClockSet                
00000e7b  SysCtlDelay                   
00000ced  SysCtlPeripheralEnable        
00000e49  UARTCharGet                   
00000e53  UARTCharPut                   
00000e15  UARTCharsAvail                
00000c61  UARTConfigSetExpClk           
00000d81  UARTDisable                   
00000db9  UARTEnable                    
00000e81  UARTIntClear                  
00000e67  UARTIntEnable                 
0000044d  UARTIntHandler                
00000e5d  UARTIntStatus                 
20000200  __STACK_END                   
00000200  __STACK_SIZE                  
20000200  __STACK_TOP                   
000014d4  __TI_CINIT_Base               
000014dc  __TI_CINIT_Limit              
000014cc  __TI_Handler_Table_Base       
000014d4  __TI_Handler_Table_Limit      
00000ca9  __TI_auto_init_nobinit_nopinit
00000bb1  __TI_decompress_lzss          
00000e23  __TI_decompress_none          
ffffffff  __TI_pprof_out_hndl           
ffffffff  __TI_prof_data_size           
ffffffff  __TI_prof_data_start          
00000000  __TI_static_base__            
00000aad  __aeabi_memcpy                
00000aad  __aeabi_memcpy4               
00000aad  __aeabi_memcpy8               
ffffffff  __binit__                     
ffffffff  __c_args__                    
UNDEFED   __mpu_init                    
20000000  __stack                       
20000000  __start___llvm_prf_cnts       
20000000  __stop___llvm_prf_cnts        
00000d21  _c_int00_noargs               
UNDEFED   _system_post_cinit            
00000e85  _system_pre_init              
00000e89  abort                         
ffffffff  binit                         
20000208  carnet                        
20000204  color                         
00000000  g_pfnVectors                  
2000020c  id_color                      
0000026d  main                          
00000aad  memcpy                        
00000505  sendPOST                      
0000041b  sendString                    
20000210  server                        
00000dcd  strlen                        
20000200  uVal                          


GLOBAL SYMBOLS: SORTED BY Symbol Address 

address   name                          
-------   ----                          
00000000  __TI_static_base__            
00000000  g_pfnVectors                  
00000200  __STACK_SIZE                  
0000026d  main                          
0000041b  sendString                    
0000044d  UARTIntHandler                
00000505  sendPOST                      
00000775  GPIOPadConfigSet              
000008a9  SysCtlClockGet                
000009b9  SysCtlClockSet                
00000aad  __aeabi_memcpy                
00000aad  __aeabi_memcpy4               
00000aad  __aeabi_memcpy8               
00000aad  memcpy                        
00000b49  IntEnable                     
00000bb1  __TI_decompress_lzss          
00000c19  GPIOPinConfigure              
00000c61  UARTConfigSetExpClk           
00000ca9  __TI_auto_init_nobinit_nopinit
00000ced  SysCtlPeripheralEnable        
00000d21  _c_int00_noargs               
00000d55  GPIODirModeSet                
00000d81  UARTDisable                   
00000da1  GPIOPinTypeGPIOOutput         
00000db9  UARTEnable                    
00000dcd  strlen                        
00000de1  GPIOPinTypeGPIOInput          
00000df3  GPIOPinTypeUART               
00000e05  IntMasterEnable               
00000e15  UARTCharsAvail                
00000e23  __TI_decompress_none          
00000e31  CPUcpsie                      
00000e3d  ResetISR                      
00000e49  UARTCharGet                   
00000e53  UARTCharPut                   
00000e5d  UARTIntStatus                 
00000e67  UARTIntEnable                 
00000e6f  GPIOPinRead                   
00000e75  GPIOPinWrite                  
00000e7b  SysCtlDelay                   
00000e81  UARTIntClear                  
00000e85  _system_pre_init              
00000e89  C$$EXIT                       
00000e89  abort                         
000014cc  __TI_Handler_Table_Base       
000014d4  __TI_CINIT_Base               
000014d4  __TI_Handler_Table_Limit      
000014dc  __TI_CINIT_Limit              
20000000  __stack                       
20000000  __start___llvm_prf_cnts       
20000000  __stop___llvm_prf_cnts        
20000200  __STACK_END                   
20000200  __STACK_TOP                   
20000200  uVal                          
20000204  color                         
20000208  carnet                        
2000020c  id_color                      
20000210  server                        
ffffffff  __TI_pprof_out_hndl           
ffffffff  __TI_prof_data_size           
ffffffff  __TI_prof_data_start          
ffffffff  __binit__                     
ffffffff  __c_args__                    
ffffffff  binit                         
UNDEFED   __mpu_init                    
UNDEFED   _system_post_cinit            

[66 symbols]
